============================================================
🎮 Mario PPO 学習を開始します
============================================================
📊 設定:
   - レベル: Level_custom
   - 総ステップ数: 9,000,000
   - 並列環境数: 8
   - ログディレクトリ: ./logs/mario_ppo_level_custom_9000k_20260709_075550
   - モデル保存先: ./models/mario_ppo_level_custom_9000k_20260709_075550.zip

🔧 環境を初期化中...
Traceback (most recent call last):
Traceback (most recent call last):
Traceback (most recent call last):
  File "/home/arataendo/work/Mario-DT/train_ppo.py", line 393, in <module>
  File "<string>", line 1, in <module>
  File "<string>", line 1, in <module>
Traceback (most recent call last):
  File "<string>", line 1, in <module>
    main()
  File "/home/arataendo/work/Mario-DT/train_ppo.py", line 381, in main
Traceback (most recent call last):
Traceback (most recent call last):
  File "<string>", line 1, in <module>
  File "<string>", line 1, in <module>
    train_ppo(
  File "/home/arataendo/work/Mario-DT/train_ppo.py", line 185, in train_ppo
    envs = SubprocVecEnv(
Traceback (most recent call last):
  File "/home/arataendo/work/Mario-DT/.venv/lib/python3.10/site-packages/stable_baselines3/common/vec_env/subproc_vec_env.py", line 127, in __init__
  File "<string>", line 1, in <module>
Traceback (most recent call last):
  File "<string>", line 1, in <module>
  File "/usr/lib/python3.10/multiprocessing/spawn.py", line 116, in spawn_main
  File "/usr/lib/python3.10/multiprocessing/spawn.py", line 116, in spawn_main
    exitcode = _main(fd, parent_sentinel)
  File "/usr/lib/python3.10/multiprocessing/spawn.py", line 125, in _main
  File "/usr/lib/python3.10/multiprocessing/spawn.py", line 116, in spawn_main
    exitcode = _main(fd, parent_sentinel)
    prepare(preparation_data)
  File "/usr/lib/python3.10/multiprocessing/spawn.py", line 125, in _main
  File "/usr/lib/python3.10/multiprocessing/spawn.py", line 236, in prepare
  File "/usr/lib/python3.10/multiprocessing/spawn.py", line 116, in spawn_main
    exitcode = _main(fd, parent_sentinel)
  File "/usr/lib/python3.10/multiprocessing/spawn.py", line 125, in _main
  File "/usr/lib/python3.10/multiprocessing/spawn.py", line 116, in spawn_main
    prepare(preparation_data)
  File "/usr/lib/python3.10/multiprocessing/spawn.py", line 236, in prepare
    _fixup_main_from_path(data['init_main_from_path'])
  File "/usr/lib/python3.10/multiprocessing/spawn.py", line 287, in _fixup_main_from_path
    prepare(preparation_data)
    exitcode = _main(fd, parent_sentinel)
    _fixup_main_from_path(data['init_main_from_path'])
  File "/usr/lib/python3.10/multiprocessing/spawn.py", line 125, in _main
    exitcode = _main(fd, parent_sentinel)
  File "/usr/lib/python3.10/multiprocessing/spawn.py", line 287, in _fixup_main_from_path
  File "/usr/lib/python3.10/multiprocessing/spawn.py", line 125, in _main
  File "/usr/lib/python3.10/multiprocessing/spawn.py", line 116, in spawn_main
    main_content = runpy.run_path(main_path,
  File "/usr/lib/python3.10/runpy.py", line 289, in run_path
  File "/usr/lib/python3.10/multiprocessing/spawn.py", line 236, in prepare
    prepare(preparation_data)
    main_content = runpy.run_path(main_path,
  File "/usr/lib/python3.10/multiprocessing/spawn.py", line 236, in prepare
    return _run_module_code(code, init_globals, run_name,
  File "/usr/lib/python3.10/runpy.py", line 289, in run_path
  File "/usr/lib/python3.10/runpy.py", line 96, in _run_module_code
    _fixup_main_from_path(data['init_main_from_path'])
  File "/usr/lib/python3.10/multiprocessing/spawn.py", line 287, in _fixup_main_from_path
    return _run_module_code(code, init_globals, run_name,
  File "/usr/lib/python3.10/multiprocessing/spawn.py", line 116, in spawn_main
  File "/usr/lib/python3.10/runpy.py", line 96, in _run_module_code
    _run_code(code, mod_globals, init_globals,
  File "/usr/lib/python3.10/runpy.py", line 86, in _run_code
    prepare(preparation_data)
    main_content = runpy.run_path(main_path,
  File "/usr/lib/python3.10/runpy.py", line 289, in run_path
    return _run_module_code(code, init_globals, run_name,
  File "/usr/lib/python3.10/runpy.py", line 96, in _run_module_code
    _fixup_main_from_path(data['init_main_from_path'])
    exitcode = _main(fd, parent_sentinel)
  File "/usr/lib/python3.10/multiprocessing/spawn.py", line 287, in _fixup_main_from_path
    _run_code(code, mod_globals, init_globals,
    _run_code(code, mod_globals, init_globals,
  File "/usr/lib/python3.10/runpy.py", line 86, in _run_code
  File "/usr/lib/python3.10/runpy.py", line 86, in _run_code
    main_content = runpy.run_path(main_path,
  File "/usr/lib/python3.10/runpy.py", line 289, in run_path
    exitcode = _main(fd, parent_sentinel)
    exec(code, run_globals)
  File "/usr/lib/python3.10/multiprocessing/spawn.py", line 125, in _main
  File "/usr/lib/python3.10/multiprocessing/spawn.py", line 236, in prepare
  File "/home/arataendo/work/Mario-DT/train_ppo.py", line 20, in <module>
    return _run_module_code(code, init_globals, run_name,
  File "/usr/lib/python3.10/runpy.py", line 96, in _run_module_code
  File "/usr/lib/python3.10/multiprocessing/spawn.py", line 125, in _main
    exec(code, run_globals)
  File "/home/arataendo/work/Mario-DT/train_ppo.py", line 20, in <module>
    exec(code, run_globals)
  File "/home/arataendo/work/Mario-DT/train_ppo.py", line 20, in <module>
    from stable_baselines3 import PPO
  File "/home/arataendo/work/Mario-DT/.venv/lib/python3.10/site-packages/stable_baselines3/__init__.py", line 3, in <module>
    from stable_baselines3 import PPO
  File "/home/arataendo/work/Mario-DT/.venv/lib/python3.10/site-packages/stable_baselines3/__init__.py", line 3, in <module>
    prepare(preparation_data)
    from stable_baselines3.a2c import A2C
  File "/usr/lib/python3.10/multiprocessing/spawn.py", line 236, in prepare
  File "/home/arataendo/work/Mario-DT/.venv/lib/python3.10/site-packages/stable_baselines3/a2c/__init__.py", line 1, in <module>
    from stable_baselines3 import PPO
    from stable_baselines3.a2c import A2C
    prepare(preparation_data)
  File "/home/arataendo/work/Mario-DT/.venv/lib/python3.10/site-packages/stable_baselines3/a2c/__init__.py", line 1, in <module>
  File "/usr/lib/python3.10/multiprocessing/spawn.py", line 236, in prepare
    _fixup_main_from_path(data['init_main_from_path'])
    from stable_baselines3.a2c.a2c import A2C
    _fixup_main_from_path(data['init_main_from_path'])
  File "/usr/lib/python3.10/multiprocessing/spawn.py", line 287, in _fixup_main_from_path
  File "/home/arataendo/work/Mario-DT/.venv/lib/python3.10/site-packages/stable_baselines3/a2c/a2c.py", line 7, in <module>
  File "/usr/lib/python3.10/multiprocessing/spawn.py", line 287, in _fixup_main_from_path
    _run_code(code, mod_globals, init_globals,
  File "/home/arataendo/work/Mario-DT/.venv/lib/python3.10/site-packages/stable_baselines3/__init__.py", line 3, in <module>
  File "/usr/lib/python3.10/runpy.py", line 86, in _run_code
    from stable_baselines3.a2c.a2c import A2C
  File "/home/arataendo/work/Mario-DT/.venv/lib/python3.10/site-packages/stable_baselines3/a2c/a2c.py", line 7, in <module>
    from stable_baselines3.common.buffers import RolloutBuffer
  File "/home/arataendo/work/Mario-DT/.venv/lib/python3.10/site-packages/stable_baselines3/common/buffers.py", line 17, in <module>
    from stable_baselines3.a2c import A2C
    from stable_baselines3.common.buffers import RolloutBuffer
    main_content = runpy.run_path(main_path,
  File "/home/arataendo/work/Mario-DT/.venv/lib/python3.10/site-packages/stable_baselines3/common/buffers.py", line 17, in <module>
    exec(code, run_globals)
  File "/usr/lib/python3.10/runpy.py", line 289, in run_path
  File "/home/arataendo/work/Mario-DT/train_ppo.py", line 20, in <module>
  File "/home/arataendo/work/Mario-DT/.venv/lib/python3.10/site-packages/stable_baselines3/a2c/__init__.py", line 1, in <module>
    _fixup_main_from_path(data['init_main_from_path'])
    observation_space, action_space = self.remotes[0].recv()
  File "/usr/lib/python3.10/multiprocessing/spawn.py", line 287, in _fixup_main_from_path
  File "/usr/lib/python3.10/multiprocessing/connection.py", line 250, in recv
    from stable_baselines3 import PPO
    from stable_baselines3.a2c.a2c import A2C
    return _run_module_code(code, init_globals, run_name,
    main_content = runpy.run_path(main_path,
  File "/usr/lib/python3.10/runpy.py", line 96, in _run_module_code
  File "/home/arataendo/work/Mario-DT/.venv/lib/python3.10/site-packages/stable_baselines3/__init__.py", line 3, in <module>
  File "/usr/lib/python3.10/runpy.py", line 289, in run_path
    main_content = runpy.run_path(main_path,
  File "/usr/lib/python3.10/runpy.py", line 289, in run_path
  File "/home/arataendo/work/Mario-DT/.venv/lib/python3.10/site-packages/stable_baselines3/a2c/a2c.py", line 7, in <module>
    from stable_baselines3.a2c import A2C
  File "/home/arataendo/work/Mario-DT/.venv/lib/python3.10/site-packages/stable_baselines3/a2c/__init__.py", line 1, in <module>
    from stable_baselines3.common.buffers import RolloutBuffer
    from stable_baselines3.a2c.a2c import A2C
    from stable_baselines3.common.utils import get_device
  File "/home/arataendo/work/Mario-DT/.venv/lib/python3.10/site-packages/stable_baselines3/a2c/a2c.py", line 7, in <module>
  File "/home/arataendo/work/Mario-DT/.venv/lib/python3.10/site-packages/stable_baselines3/common/buffers.py", line 17, in <module>
  File "/home/arataendo/work/Mario-DT/.venv/lib/python3.10/site-packages/stable_baselines3/common/utils.py", line 22, in <module>
    _run_code(code, mod_globals, init_globals,
    return _run_module_code(code, init_globals, run_name,
  File "/usr/lib/python3.10/runpy.py", line 86, in _run_code
  File "/usr/lib/python3.10/runpy.py", line 96, in _run_module_code
    return _run_module_code(code, init_globals, run_name,
    from stable_baselines3.common.buffers import RolloutBuffer
  File "/usr/lib/python3.10/runpy.py", line 96, in _run_module_code
  File "/home/arataendo/work/Mario-DT/.venv/lib/python3.10/site-packages/stable_baselines3/common/buffers.py", line 17, in <module>
    from stable_baselines3.common.utils import get_device
    from stable_baselines3.common.utils import get_device
  File "/home/arataendo/work/Mario-DT/.venv/lib/python3.10/site-packages/stable_baselines3/common/utils.py", line 26, in <module>
    from stable_baselines3.common.utils import get_device
  File "/home/arataendo/work/Mario-DT/.venv/lib/python3.10/site-packages/stable_baselines3/common/utils.py", line 22, in <module>
  File "/home/arataendo/work/Mario-DT/.venv/lib/python3.10/site-packages/stable_baselines3/common/utils.py", line 26, in <module>
    exec(code, run_globals)
  File "/home/arataendo/work/Mario-DT/train_ppo.py", line 20, in <module>
    _run_code(code, mod_globals, init_globals,
    _run_code(code, mod_globals, init_globals,
  File "/usr/lib/python3.10/runpy.py", line 86, in _run_code
  File "/usr/lib/python3.10/runpy.py", line 86, in _run_code
    from stable_baselines3 import PPO
    exec(code, run_globals)
  File "/home/arataendo/work/Mario-DT/.venv/lib/python3.10/site-packages/stable_baselines3/__init__.py", line 3, in <module>
  File "/home/arataendo/work/Mario-DT/train_ppo.py", line 20, in <module>
    exec(code, run_globals)
  File "/home/arataendo/work/Mario-DT/train_ppo.py", line 20, in <module>
    from stable_baselines3.a2c import A2C
  File "/home/arataendo/work/Mario-DT/.venv/lib/python3.10/site-packages/stable_baselines3/a2c/__init__.py", line 1, in <module>
    from stable_baselines3 import PPO
  File "/home/arataendo/work/Mario-DT/.venv/lib/python3.10/site-packages/stable_baselines3/__init__.py", line 3, in <module>
    from stable_baselines3.a2c.a2c import A2C
  File "/home/arataendo/work/Mario-DT/.venv/lib/python3.10/site-packages/stable_baselines3/a2c/a2c.py", line 7, in <module>
    from stable_baselines3 import PPO
  File "/home/arataendo/work/Mario-DT/.venv/lib/python3.10/site-packages/stable_baselines3/__init__.py", line 3, in <module>
    from stable_baselines3.common.buffers import RolloutBuffer
  File "/home/arataendo/work/Mario-DT/.venv/lib/python3.10/site-packages/stable_baselines3/common/buffers.py", line 17, in <module>
    from stable_baselines3.a2c import A2C
  File "/home/arataendo/work/Mario-DT/.venv/lib/python3.10/site-packages/stable_baselines3/a2c/__init__.py", line 1, in <module>
    from stable_baselines3.a2c import A2C
  File "/home/arataendo/work/Mario-DT/.venv/lib/python3.10/site-packages/stable_baselines3/a2c/__init__.py", line 1, in <module>
    from stable_baselines3.common.utils import get_device
    from stable_baselines3.a2c.a2c import A2C
  File "/home/arataendo/work/Mario-DT/.venv/lib/python3.10/site-packages/stable_baselines3/common/utils.py", line 26, in <module>
  File "/home/arataendo/work/Mario-DT/.venv/lib/python3.10/site-packages/stable_baselines3/a2c/a2c.py", line 7, in <module>
    from stable_baselines3.a2c.a2c import A2C
  File "/home/arataendo/work/Mario-DT/.venv/lib/python3.10/site-packages/stable_baselines3/a2c/a2c.py", line 7, in <module>
    from stable_baselines3.common.buffers import RolloutBuffer
  File "/home/arataendo/work/Mario-DT/.venv/lib/python3.10/site-packages/stable_baselines3/common/buffers.py", line 17, in <module>
    from stable_baselines3.common.buffers import RolloutBuffer
  File "/home/arataendo/work/Mario-DT/.venv/lib/python3.10/site-packages/stable_baselines3/common/buffers.py", line 17, in <module>
    from stable_baselines3.common.utils import get_device
  File "/home/arataendo/work/Mario-DT/.venv/lib/python3.10/site-packages/stable_baselines3/common/utils.py", line 26, in <module>
    from stable_baselines3.common.utils import get_device
  File "/home/arataendo/work/Mario-DT/.venv/lib/python3.10/site-packages/stable_baselines3/common/utils.py", line 26, in <module>
    buf = self._recv_bytes()
  File "/usr/lib/python3.10/multiprocessing/connection.py", line 414, in _recv_bytes
    buf = self._recv(4)
  File "/usr/lib/python3.10/multiprocessing/connection.py", line 379, in _recv
    chunk = read(handle, remaining)
KeyboardInterrupt
    from stable_baselines3.common.logger import Logger, configure
    from stable_baselines3.common.logger import Logger, configure
  File "/home/arataendo/work/Mario-DT/.venv/lib/python3.10/site-packages/stable_baselines3/common/logger.py", line 12, in <module>
  File "/home/arataendo/work/Mario-DT/.venv/lib/python3.10/site-packages/stable_baselines3/common/logger.py", line 12, in <module>
    import matplotlib.figure
  File "/home/arataendo/work/Mario-DT/.venv/lib/python3.10/site-packages/matplotlib/__init__.py", line 161, in <module>
    import matplotlib.figure
  File "/home/arataendo/work/Mario-DT/.venv/lib/python3.10/site-packages/matplotlib/__init__.py", line 1000, in <module>
    from stable_baselines3.common.logger import Logger, configure
  File "/home/arataendo/work/Mario-DT/.venv/lib/python3.10/site-packages/stable_baselines3/common/logger.py", line 12, in <module>
    import matplotlib.figure
  File "/home/arataendo/work/Mario-DT/.venv/lib/python3.10/site-packages/matplotlib/__init__.py", line 161, in <module>
